\BOOKMARK [1][-]{section.1}{\376\377\000I\000n\000t\000r\000o\000d\000u\000c\000t\000i\000o\000n}{}% 1
\BOOKMARK [1][-]{section.2}{\376\377\000S\000c\000o\000p\000e}{}% 2
\BOOKMARK [1][-]{section.3}{\376\377\000T\000e\000r\000m\000i\000n\000o\000l\000o\000g\000y}{}% 3
\BOOKMARK [1][-]{section.4}{\376\377\000G\000e\000n\000e\000r\000a\000l\000\040\000D\000e\000s\000i\000g\000n\000\040\000P\000r\000i\000n\000c\000i\000p\000l\000e\000s}{}% 4
\BOOKMARK [1][-]{section.5}{\376\377\000R\000e\000q\000u\000i\000r\000e\000m\000e\000n\000t\000s\000\040\000a\000n\000d\000\040\000R\000u\000l\000e\000\040\000P\000r\000i\000o\000r\000i\000t\000y}{}% 5
\BOOKMARK [0][-]{part.1}{\376\377\000I\000\040\000C\000\040\000P\000r\000o\000g\000r\000a\000m\000m\000i\000n\000g\000\040\000S\000t\000a\000n\000d\000a\000r\000d}{}% 6
\BOOKMARK [1][-]{subsection.5.1}{\376\377\000G\000e\000n\000e\000r\000a\000l\000\040\000P\000r\000i\000n\000c\000i\000p\000l\000e\000s}{part.1}% 7
\BOOKMARK [2][-]{subsection.5.2}{\376\377\000C\0001\0001\000\040\000L\000a\000n\000g\000u\000a\000g\000e\000\040\000S\000u\000b\000s\000e\000t}{subsection.5.1}% 8
\BOOKMARK [3][-]{subsubsection.5.2.1}{\376\377\000P\000e\000r\000m\000i\000t\000t\000e\000d\000\040\000L\000a\000n\000g\000u\000a\000g\000e}{subsection.5.2}% 9
\BOOKMARK [3][-]{subsubsection.5.2.2}{\376\377\000P\000r\000o\000h\000i\000b\000i\000t\000e\000d\000\040\000o\000r\000\040\000R\000e\000s\000t\000r\000i\000c\000t\000e\000d\000\040\000F\000e\000a\000t\000u\000r\000e\000s}{subsection.5.2}% 10
\BOOKMARK [2][-]{subsection.5.3}{\376\377\000F\000o\000r\000m\000a\000t\000t\000i\000n\000g}{subsection.5.1}% 11
\BOOKMARK [3][-]{subsubsection.5.3.1}{\376\377\000I\000n\000d\000e\000n\000t\000a\000t\000i\000o\000n}{subsection.5.3}% 12
\BOOKMARK [3][-]{subsubsection.5.3.2}{\376\377\000A\000l\000i\000g\000n\000m\000e\000n\000t}{subsection.5.3}% 13
\BOOKMARK [3][-]{subsubsection.5.3.3}{\376\377\000B\000r\000a\000c\000e\000s}{subsection.5.3}% 14
\BOOKMARK [3][-]{subsubsection.5.3.4}{\376\377\000W\000h\000i\000t\000e\000s\000p\000a\000c\000e}{subsection.5.3}% 15
\BOOKMARK [3][-]{subsubsection.5.3.5}{\376\377\000L\000i\000n\000e\000\040\000L\000e\000n\000g\000t\000h}{subsection.5.3}% 16
\BOOKMARK [3][-]{subsubsection.5.3.6}{\376\377\000A\000u\000t\000o\000m\000a\000t\000e\000d\000\040\000F\000o\000r\000m\000a\000t\000t\000i\000n\000g}{subsection.5.3}% 17
\BOOKMARK [2][-]{subsection.5.4}{\376\377\000N\000a\000m\000i\000n\000g}{subsection.5.1}% 18
\BOOKMARK [3][-]{subsubsection.5.4.1}{\376\377\000G\000e\000n\000e\000r\000a\000l\000\040\000N\000a\000m\000i\000n\000g\000\040\000R\000e\000q\000u\000i\000r\000e\000m\000e\000n\000t\000s}{subsection.5.4}% 19
\BOOKMARK [3][-]{subsubsection.5.4.2}{\376\377\000F\000u\000n\000c\000t\000i\000o\000n\000s}{subsection.5.4}% 20
\BOOKMARK [3][-]{subsubsection.5.4.3}{\376\377\000V\000a\000r\000i\000a\000b\000l\000e\000s}{subsection.5.4}% 21
\BOOKMARK [3][-]{subsubsection.5.4.4}{\376\377\000T\000y\000p\000e\000s}{subsection.5.4}% 22
\BOOKMARK [3][-]{subsubsection.5.4.5}{\376\377\000C\000o\000n\000s\000t\000a\000n\000t\000s\000\040\000a\000n\000d\000\040\000M\000a\000c\000r\000o\000s}{subsection.5.4}% 23
\BOOKMARK [3][-]{subsubsection.5.4.6}{\376\377\000P\000r\000i\000v\000a\000t\000e\000\040\000N\000a\000m\000e\000s}{subsection.5.4}% 24
\BOOKMARK [2][-]{subsection.5.5}{\376\377\000V\000a\000r\000i\000b\000l\000e\000s}{subsection.5.1}% 25
\BOOKMARK [3][-]{subsubsection.5.5.1}{\376\377\000G\000e\000n\000e\000r\000a\000l\000\040\000V\000a\000r\000i\000b\000l\000e\000\040\000R\000e\000q\000u\000i\000r\000e\000m\000e\000n\000t\000s}{subsection.5.5}% 26
\BOOKMARK [2][-]{subsection.5.6}{\376\377\000M\000o\000d\000u\000l\000e\000\040\000B\000o\000u\000n\000d\000a\000r\000i\000e\000s}{subsection.5.1}% 27
\BOOKMARK [3][-]{subsubsection.5.6.1}{\376\377\000M\000o\000d\000u\000l\000e\000\040\000S\000t\000r\000u\000c\000t\000u\000r\000e}{subsection.5.6}% 28
\BOOKMARK [3][-]{subsubsection.5.6.2}{\376\377\000H\000e\000a\000d\000e\000r\000\040\000I\000n\000d\000e\000p\000e\000n\000d\000e\000n\000c\000e}{subsection.5.6}% 29
\BOOKMARK [3][-]{subsubsection.5.6.3}{\376\377\000I\000n\000c\000l\000u\000d\000e\000\040\000O\000w\000n\000e\000r\000s\000h\000i\000p}{subsection.5.6}% 30
\BOOKMARK [3][-]{subsubsection.5.6.4}{\376\377\000C\000i\000r\000c\000u\000l\000a\000r\000\040\000D\000e\000p\000e\000n\000d\000e\000n\000c\000i\000e\000s}{subsection.5.6}% 31
\BOOKMARK [2][-]{subsection.5.7}{\376\377\000V\000i\000s\000i\000b\000i\000l\000i\000t\000y}{subsection.5.1}% 32
\BOOKMARK [3][-]{subsubsection.5.7.1}{\376\377\000P\000u\000b\000l\000i\000c\000\040\000D\000e\000c\000l\000a\000r\000a\000t\000i\000o\000n\000s}{subsection.5.7}% 33
\BOOKMARK [3][-]{subsubsection.5.7.2}{\376\377\000P\000r\000i\000v\000a\000t\000e\000\040\000D\000e\000c\000l\000a\000r\000a\000t\000i\000o\000n\000s}{subsection.5.7}% 34
\BOOKMARK [3][-]{subsubsection.5.7.3}{\376\377\000G\000l\000o\000b\000a\000l\000\040\000V\000a\000r\000i\000a\000b\000l\000e\000s}{subsection.5.7}% 35
\BOOKMARK [3][-]{subsubsection.5.7.4}{\376\377\000O\000p\000a\000q\000u\000e\000\040\000T\000y\000p\000e\000s}{subsection.5.7}% 36
\BOOKMARK [2][-]{subsection.5.8}{\376\377\000T\000y\000p\000e\000\040\000S\000a\000f\000e\000t\000y}{subsection.5.1}% 37
\BOOKMARK [3][-]{subsubsection.5.8.1}{\376\377\000F\000i\000x\000e\000d\000-\000W\000i\000d\000t\000h\000\040\000I\000n\000t\000e\000g\000e\000r\000\040\000T\000y\000p\000e\000s}{subsection.5.8}% 38
\BOOKMARK [3][-]{subsubsection.5.8.2}{\376\377\000B\000o\000o\000l\000e\000a\000n\000\040\000V\000a\000l\000u\000e\000s}{subsection.5.8}% 39
\BOOKMARK [3][-]{subsubsection.5.8.3}{\376\377\000E\000n\000u\000m\000e\000r\000a\000t\000i\000o\000n\000s}{subsection.5.8}% 40
\BOOKMARK [3][-]{subsubsection.5.8.4}{\376\377\000E\000x\000p\000l\000i\000c\000i\000t\000\040\000C\000o\000n\000v\000e\000r\000s\000i\000o\000n\000s}{subsection.5.8}% 41
\BOOKMARK [3][-]{subsubsection.5.8.5}{\376\377\000C\000o\000n\000s\000t\000\040\000C\000o\000r\000r\000e\000c\000t\000n\000e\000s\000s}{subsection.5.8}% 42
\BOOKMARK [3][-]{subsubsection.5.8.6}{\376\377\000A\000d\000d\000i\000t\000i\000o\000n\000a\000l\000\040\000R\000u\000l\000e\000s}{subsection.5.8}% 43
\BOOKMARK [2][-]{subsection.5.9}{\376\377\000I\000n\000i\000t\000i\000a\000l\000i\000z\000a\000t\000i\000o\000n}{subsection.5.1}% 44
\BOOKMARK [3][-]{subsubsection.5.9.1}{\376\377\000G\000e\000n\000e\000r\000a\000l\000\040\000R\000e\000q\000u\000i\000r\000e\000m\000e\000n\000t}{subsection.5.9}% 45
\BOOKMARK [3][-]{subsubsection.5.9.2}{\376\377\000D\000e\000f\000a\000u\000l\000t\000\040\000I\000n\000i\000t\000i\000a\000l\000i\000z\000a\000t\000i\000o\000n}{subsection.5.9}% 46
\BOOKMARK [3][-]{subsubsection.5.9.3}{\376\377\000S\000t\000r\000u\000c\000t\000u\000r\000e\000s}{subsection.5.9}% 47
\BOOKMARK [3][-]{subsubsection.5.9.4}{\376\377\000A\000r\000r\000a\000y\000s}{subsection.5.9}% 48
\BOOKMARK [3][-]{subsubsection.5.9.5}{\376\377\000P\000o\000i\000n\000t\000e\000r\000s}{subsection.5.9}% 49
\BOOKMARK [3][-]{subsubsection.5.9.6}{\376\377\000S\000t\000a\000t\000i\000c\000\040\000S\000t\000o\000r\000a\000g\000e}{subsection.5.9}% 50
\BOOKMARK [3][-]{subsubsection.5.9.7}{\376\377\000I\000n\000i\000t\000i\000a\000l\000i\000z\000a\000t\000i\000o\000n\000\040\000F\000u\000n\000c\000t\000i\000o\000n\000s}{subsection.5.9}% 51
\BOOKMARK [3][-]{subsubsection.5.9.8}{\376\377\000P\000a\000r\000t\000i\000a\000l\000\040\000I\000n\000i\000t\000i\000a\000l\000i\000z\000a\000t\000i\000o\000n}{subsection.5.9}% 52
\BOOKMARK [2][-]{subsection.5.10}{\376\377\000C\000o\000n\000t\000r\000o\000l\000\040\000F\000l\000o\000w}{subsection.5.1}% 53
\BOOKMARK [3][-]{subsubsection.5.10.1}{\376\377\000C\000o\000n\000t\000r\000o\000l\000\040\000F\000l\000o\000w}{subsection.5.10}% 54
\BOOKMARK [3][-]{subsubsection.5.10.2}{\376\377\000L\000o\000o\000p\000s}{subsection.5.10}% 55
\BOOKMARK [2][-]{subsection.5.11}{\376\377\000F\000u\000n\000c\000t\000i\000o\000n\000s}{subsection.5.1}% 56
\BOOKMARK [3][-]{subsubsection.5.11.1}{\376\377\000F\000u\000n\000c\000t\000i\000o\000n\000\040\000R\000e\000q\000u\000i\000r\000e\000m\000e\000n\000t\000s}{subsection.5.11}% 57
\BOOKMARK [3][-]{subsubsection.5.11.2}{\376\377\000P\000a\000r\000a\000m\000e\000t\000e\000r\000\040\000V\000a\000l\000i\000d\000a\000t\000i\000o\000n}{subsection.5.11}% 58
\BOOKMARK [3][-]{subsubsection.5.11.3}{\376\377\000R\000e\000t\000u\000r\000n\000\040\000V\000a\000l\000u\000e\000s}{subsection.5.11}% 59
\BOOKMARK [2][-]{subsection.5.12}{\376\377\000M\000e\000m\000o\000r\000y\000\040\000S\000a\000f\000e\000t\000y}{subsection.5.1}% 60
\BOOKMARK [3][-]{subsubsection.5.12.1}{\376\377\000G\000e\000n\000e\000r\000a\000l\000\040\000R\000e\000q\000u\000i\000r\000e\000m\000e\000n\000t}{subsection.5.12}% 61
\BOOKMARK [3][-]{subsubsection.5.12.2}{\376\377\000A\000l\000l\000o\000c\000a\000t\000i\000o\000n\000\040\000P\000o\000l\000i\000c\000y}{subsection.5.12}% 62
\BOOKMARK [3][-]{subsubsection.5.12.3}{\376\377\000A\000l\000l\000o\000c\000a\000t\000i\000o\000n\000\040\000A\000r\000i\000t\000h\000m\000e\000t\000i\000c}{subsection.5.12}% 63
\BOOKMARK [3][-]{subsubsection.5.12.4}{\376\377\000O\000w\000n\000e\000r\000s\000h\000i\000p}{subsection.5.12}% 64
\BOOKMARK [2][-]{subsection.5.13}{\376\377\000A\000r\000r\000a\000y\000s\000\040\000a\000n\000d\000\040\000S\000t\000r\000i\000n\000g\000s}{subsection.5.1}% 65
\BOOKMARK [3][-]{subsubsection.5.13.1}{\376\377\000A\000r\000r\000a\000y\000\040\000B\000o\000u\000n\000d\000s}{subsection.5.13}% 66
\BOOKMARK [3][-]{subsubsection.5.13.2}{\376\377\000S\000t\000r\000i\000n\000g\000\040\000H\000a\000n\000d\000l\000i\000n\000g}{subsection.5.13}% 67
\BOOKMARK [3][-]{subsubsection.5.13.3}{\376\377\000B\000i\000n\000a\000r\000y\000\040\000D\000a\000t\000a}{subsection.5.13}% 68
\BOOKMARK [2][-]{subsection.5.14}{\376\377\000P\000o\000i\000n\000t\000e\000r\000s}{subsection.5.1}% 69
\BOOKMARK [2][-]{subsection.5.15}{\376\377\000I\000n\000t\000e\000g\000e\000r\000\040\000S\000a\000f\000e\000t\000y}{subsection.5.1}% 70
\BOOKMARK [2][-]{subsection.5.16}{\376\377\000E\000r\000r\000o\000r\000\040\000H\000a\000n\000d\000l\000i\000n\000g}{subsection.5.1}% 71
\BOOKMARK [2][-]{subsection.5.17}{\376\377\000P\000r\000e\000p\000r\000o\000c\000e\000s\000s\000o\000r}{subsection.5.1}% 72
\BOOKMARK [2][-]{subsection.5.18}{\376\377\000E\000x\000t\000e\000r\000n\000a\000l\000\040\000L\000i\000b\000r\000a\000r\000i\000e\000s}{subsection.5.1}% 73
\BOOKMARK [3][-]{subsubsection.5.18.1}{\376\377\000L\000i\000b\000r\000a\000r\000y\000\040\000P\000o\000l\000i\000c\000y}{subsection.5.18}% 74
\BOOKMARK [3][-]{subsubsection.5.18.2}{\376\377\000A\000p\000p\000r\000o\000v\000a\000l\000\040\000R\000e\000q\000u\000i\000r\000e\000m\000e\000n\000t\000s}{subsection.5.18}% 75
\BOOKMARK [3][-]{subsubsection.5.18.3}{\376\377\000W\000r\000a\000p\000p\000e\000r\000\040\000R\000e\000q\000u\000i\000r\000e\000m\000e\000n\000t}{subsection.5.18}% 76
\BOOKMARK [2][-]{subsection.5.19}{\376\377\000C\000o\000n\000c\000u\000r\000r\000e\000n\000c\000y}{subsection.5.1}% 77
\BOOKMARK [3][-]{subsubsection.5.19.1}{\376\377\000A\000p\000p\000l\000i\000c\000a\000b\000i\000l\000i\000t\000y}{subsection.5.19}% 78
\BOOKMARK [3][-]{subsubsection.5.19.2}{\376\377\000S\000h\000a\000r\000e\000d\000\040\000S\000t\000a\000t\000e}{subsection.5.19}% 79
\BOOKMARK [3][-]{subsubsection.5.19.3}{\376\377\000O\000w\000n\000e\000r\000s\000h\000i\000p}{subsection.5.19}% 80
\BOOKMARK [3][-]{subsubsection.5.19.4}{\376\377\000M\000u\000t\000e\000x\000e\000s}{subsection.5.19}% 81
\BOOKMARK [3][-]{subsubsection.5.19.5}{\376\377\000L\000o\000c\000k\000\040\000O\000r\000d\000e\000r\000i\000n\000g}{subsection.5.19}% 82
\BOOKMARK [3][-]{subsubsection.5.19.6}{\376\377\000A\000t\000o\000m\000i\000c\000s}{subsection.5.19}% 83
\BOOKMARK [3][-]{subsubsection.5.19.7}{\376\377\000I\000n\000t\000e\000r\000r\000u\000p\000t\000s\000\040\000a\000n\000d\000\040\000S\000i\000g\000n\000a\000l\000\040\000H\000a\000n\000d\000l\000e\000r\000s}{subsection.5.19}% 84
\BOOKMARK [3][-]{subsubsection.5.19.8}{\376\377\000T\000h\000r\000e\000a\000d\000\040\000C\000a\000n\000c\000e\000l\000l\000a\000t\000i\000o\000n}{subsection.5.19}% 85
\BOOKMARK [3][-]{subsubsection.5.19.9}{\376\377\000T\000e\000s\000t\000i\000n\000g}{subsection.5.19}% 86
\BOOKMARK [2][-]{subsection.5.20}{\376\377\000D\000o\000c\000u\000m\000e\000n\000t\000a\000t\000i\000o\000n}{subsection.5.1}% 87
\BOOKMARK [3][-]{subsubsection.5.20.1}{\376\377\000D\000o\000c\000u\000m\000e\000n\000t\000a\000t\000i\000o\000n\000\040\000R\000e\000q\000u\000i\000r\000e\000m\000e\000n\000t\000s}{subsection.5.20}% 88
\BOOKMARK [3][-]{subsubsection.5.20.2}{\376\377\000P\000u\000b\000l\000i\000c\000\040\000I\000n\000t\000e\000r\000f\000a\000c\000e\000s}{subsection.5.20}% 89
\BOOKMARK [3][-]{subsubsection.5.20.3}{\376\377\000M\000o\000d\000u\000l\000e\000\040\000D\000o\000c\000u\000m\000e\000n\000t\000a\000t\000i\000o\000n}{subsection.5.20}% 90
\BOOKMARK [3][-]{subsubsection.5.20.4}{\376\377\000C\000o\000m\000m\000e\000n\000t\000s}{subsection.5.20}% 91
\BOOKMARK [3][-]{subsubsection.5.20.5}{\376\377\000T\000O\000D\000O\000\040\000C\000o\000m\000m\000e\000n\000t\000s}{subsection.5.20}% 92
\BOOKMARK [3][-]{subsubsection.5.20.6}{\376\377\000G\000e\000n\000e\000r\000a\000t\000e\000d\000\040\000D\000o\000c\000u\000m\000e\000n\000t\000a\000t\000i\000o\000n}{subsection.5.20}% 93
\BOOKMARK [2][-]{subsection.5.21}{\376\377\000T\000o\000o\000l\000i\000n\000g}{subsection.5.1}% 94
\BOOKMARK [3][-]{subsubsection.5.21.1}{\376\377\000C\000o\000m\000p\000i\000l\000e\000r}{subsection.5.21}% 95
\BOOKMARK [3][-]{subsubsection.5.21.2}{\376\377\000A\000n\000a\000l\000y\000s\000i\000s}{subsection.5.21}% 96
\BOOKMARK [3][-]{subsubsection.5.21.3}{\376\377\000R\000e\000q\000u\000i\000r\000e\000d\000\040\000B\000u\000i\000l\000d\000\040\000C\000h\000e\000c\000k\000s}{subsection.5.21}% 97
\BOOKMARK [2][-]{subsection.5.22}{\376\377\000E\000x\000c\000e\000p\000t\000i\000o\000n\000s}{subsection.5.1}% 98
\BOOKMARK [3][-]{subsubsection.5.22.1}{\376\377\000P\000u\000r\000p\000o\000s\000e}{subsection.5.22}% 99
\BOOKMARK [3][-]{subsubsection.5.22.2}{\376\377\000W\000h\000e\000n\000\040\000a\000n\000\040\000E\000x\000c\000e\000p\000t\000i\000o\000n\000\040\000I\000s\000\040\000R\000e\000q\000u\000i\000r\000e\000d}{subsection.5.22}% 100
\BOOKMARK [3][-]{subsubsection.5.22.3}{\376\377\000E\000x\000c\000e\000p\000t\000i\000o\000n\000\040\000R\000e\000c\000o\000r\000d}{subsection.5.22}% 101
\BOOKMARK [3][-]{subsubsection.5.22.4}{\376\377\000W\000a\000r\000n\000i\000n\000g\000\040\000S\000u\000p\000p\000r\000e\000s\000s\000i\000o\000n}{subsection.5.22}% 102
\BOOKMARK [3][-]{subsubsection.5.22.5}{\376\377\000R\000e\000v\000i\000e\000w}{subsection.5.22}% 103
\BOOKMARK [0][-]{part.2}{\376\377\000I\000I\000\040\000P\000y\000t\000h\000o\000n\000\040\000P\000r\000o\000g\000r\000a\000m\000m\000i\000n\000g\000\040\000S\000t\000a\000n\000d\000a\000r\000d}{}% 104
\BOOKMARK [1][-]{subsection.5.23}{\376\377\000P\000y\000t\000h\000o\000n\000\040\000F\000o\000r\000m\000a\000t\000t\000i\000n\000g}{part.2}% 105
\BOOKMARK [2][-]{subsubsection.5.23.1}{\376\377\000F\000o\000r\000m\000a\000t\000t\000i\000n\000g\000\040\000R\000u\000l\000e\000s}{subsection.5.23}% 106
\BOOKMARK [2][-]{subsection.5.24}{\376\377\000P\000y\000t\000h\000o\000n\000\040\000N\000a\000m\000i\000n\000g}{subsection.5.23}% 107
\BOOKMARK [2][-]{subsection.5.25}{\376\377\000P\000y\000t\000h\000o\000n\000\040\000I\000m\000p\000o\000r\000t\000s}{subsection.5.23}% 108
\BOOKMARK [2][-]{subsection.5.26}{\376\377\000T\000y\000p\000e\000\040\000H\000i\000n\000t\000s}{subsection.5.23}% 109
\BOOKMARK [3][-]{subsubsection.5.26.1}{\376\377\000T\000y\000p\000e\000\040\000H\000i\000n\000t\000s}{subsection.5.26}% 110
\BOOKMARK [2][-]{subsection.5.27}{\376\377\000F\000u\000n\000c\000t\000i\000o\000n\000s\000\040\000a\000n\000d\000\040\000C\000l\000a\000s\000s\000e\000s}{subsection.5.23}% 111
\BOOKMARK [2][-]{subsection.5.28}{\376\377\000E\000r\000r\000o\000r\000\040\000H\000a\000n\000d\000l\000i\000n\000g}{subsection.5.23}% 112
\BOOKMARK [2][-]{subsection.5.29}{\376\377\000T\000e\000s\000t\000i\000n\000g}{subsection.5.23}% 113
\BOOKMARK [2][-]{subsection.5.30}{\376\377\000P\000y\000t\000h\000o\000n\000\040\000R\000e\000v\000i\000e\000w\000\040\000C\000h\000e\000c\000k\000l\000i\000s\000t}{subsection.5.23}% 114
\BOOKMARK [0][-]{part.3}{\376\377\000I\000I\000I\000\040\000T\000o\000o\000l\000i\000n\000g\000\040\000a\000n\000d\000\040\000V\000e\000r\000i\000f\000i\000c\000a\000t\000i\000o\000n}{}% 115
\BOOKMARK [0][-]{part.4}{\376\377\000I\000V\000\040\000D\000e\000v\000e\000l\000o\000p\000m\000e\000n\000t\000\040\000P\000r\000o\000c\000e\000s\000s}{}% 116
\BOOKMARK [1][-]{appendix.A}{\376\377\000C\000\040\000R\000e\000v\000i\000e\000w\000\040\000C\000h\000e\000c\000k\000l\000i\000s\000t}{part.4}% 117
\BOOKMARK [1][-]{appendix.B}{\376\377\000P\000y\000t\000h\000o\000n\000\040\000R\000e\000v\000i\000e\000w\000\040\000C\000h\000e\000c\000k\000l\000i\000s\000t}{part.4}% 118
\BOOKMARK [1][-]{appendix.C}{\376\377\000R\000e\000l\000e\000a\000s\000e\000\040\000C\000h\000e\000c\000k\000l\000i\000s\000t}{part.4}% 119
